<!DOCTYPE HTML PUBLIC "-//W3C//DTD HTML 4.01 Transitional//EN">

<html lang="en">

<head>
  <meta http-equiv="Content-Type" content="text/html; charset=UTF-8">
  <title>LCOV - report.info - /usr/local/include/opentracing/expected/expected.hpp - functions</title>
  <link rel="stylesheet" type="text/css" href="../../../../../gcov.css">
</head>

<body>

  <table width="100%" border=0 cellspacing=0 cellpadding=0>
    <tr><td class="title">LCOV - code coverage report</td></tr>
    <tr><td class="ruler"><img src="../../../../../glass.png" width=3 height=3 alt=""></td></tr>

    <tr>
      <td width="100%">
        <table cellpadding=1 border=0 width="100%">
          <tr>
            <td width="10%" class="headerItem">Current view:</td>
            <td width="35%" class="headerValue"><a href="../../../../../index.html">top level</a> - <a href="index.html">usr/local/include/opentracing/expected</a> - expected.hpp<span style="font-size: 80%;"> (<a href="expected.hpp.gcov.html">source</a> / functions)</span></td>
            <td width="5%"></td>
            <td width="15%"></td>
            <td width="10%" class="headerCovTableHead">Hit</td>
            <td width="10%" class="headerCovTableHead">Total</td>
            <td width="15%" class="headerCovTableHead">Coverage</td>
          </tr>
          <tr>
            <td class="headerItem">Test:</td>
            <td class="headerValue">report.info</td>
            <td></td>
            <td class="headerItem">Lines:</td>
            <td class="headerCovTableEntry">29</td>
            <td class="headerCovTableEntry">74</td>
            <td class="headerCovTableEntryLo">39.2 %</td>
          </tr>
          <tr>
            <td class="headerItem">Date:</td>
            <td class="headerValue">2023-01-10 01:02:56</td>
            <td></td>
            <td class="headerItem">Functions:</td>
            <td class="headerCovTableEntry">13</td>
            <td class="headerCovTableEntry">32</td>
            <td class="headerCovTableEntryLo">40.6 %</td>
          </tr>
          <tr><td><img src="../../../../../glass.png" width=3 height=3 alt=""></td></tr>
        </table>
      </td>
    </tr>

    <tr><td class="ruler"><img src="../../../../../glass.png" width=3 height=3 alt=""></td></tr>
  </table>

  <center>
  <table width="60%" cellpadding=1 cellspacing=1 border=0>
    <tr><td><br></td></tr>
    <tr>
      <td width="80%" class="tableHead">Function Name <span class="tableHeadSort"><a href="expected.hpp.func.html"><img src="../../../../../updown.png" width=10 height=14 alt="Sort by function name" title="Sort by function name" border=0></a></span></td>
      <td width="20%" class="tableHead">Hit count <span class="tableHeadSort"><img src="../../../../../glass.png" width=10 height=14 alt="Sort by hit count" title="Sort by hit count" border=0></span></td>
    </tr>
    <tr>
              <td class="coverFn"><a href="expected.hpp.gcov.html#1184">_ZN11opentracing2v213make_expectedEv</a></td>
              <td class="coverFnLo">0</td>
            </tr>
    <tr>
              <td class="coverFn"><a href="expected.hpp.gcov.html#93">_ZN11opentracing2v215expected_detail9storage_tINS0_11string_viewESt10error_codeE15construct_errorEOS4_</a></td>
              <td class="coverFnLo">0</td>
            </tr>
    <tr>
              <td class="coverFn"><a href="expected.hpp.gcov.html#70">_ZN11opentracing2v215expected_detail9storage_tINS0_11string_viewESt10error_codeEC2Ev</a></td>
              <td class="coverFnLo">0</td>
            </tr>
    <tr>
              <td class="coverFn"><a href="expected.hpp.gcov.html#98">_ZN11opentracing2v215expected_detail9storage_tISt10unique_ptrINS0_11SpanContextESt14default_deleteIS4_EESt10error_codeE14destruct_errorEv</a></td>
              <td class="coverFnLo">0</td>
            </tr>
    <tr>
              <td class="coverFn"><a href="expected.hpp.gcov.html#168">_ZN11opentracing2v215expected_detail9storage_tIvSt10error_codeE14destruct_errorEv</a></td>
              <td class="coverFnLo">0</td>
            </tr>
    <tr>
              <td class="coverFn"><a href="expected.hpp.gcov.html#163">_ZN11opentracing2v215expected_detail9storage_tIvSt10error_codeE15construct_errorEOS3_</a></td>
              <td class="coverFnLo">0</td>
            </tr>
    <tr>
              <td class="coverFn"><a href="expected.hpp.gcov.html#158">_ZN11opentracing2v215expected_detail9storage_tIvSt10error_codeE15construct_errorERKS3_</a></td>
              <td class="coverFnLo">0</td>
            </tr>
    <tr>
              <td class="coverFn"><a href="expected.hpp.gcov.html#178">_ZN11opentracing2v215expected_detail9storage_tIvSt10error_codeE5errorEv</a></td>
              <td class="coverFnLo">0</td>
            </tr>
    <tr>
              <td class="coverFn"><a href="expected.hpp.gcov.html#336">_ZN11opentracing2v215make_unexpectedIRKSt10error_codeEENS0_15unexpected_typeINSt5decayIT_E4typeEEEOS7_</a></td>
              <td class="coverFnLo">0</td>
            </tr>
    <tr>
              <td class="coverFn"><a href="expected.hpp.gcov.html#336">_ZN11opentracing2v215make_unexpectedIRSt10error_codeEENS0_15unexpected_typeINSt5decayIT_E4typeEEEOS6_</a></td>
              <td class="coverFnLo">0</td>
            </tr>
    <tr>
              <td class="coverFn"><a href="expected.hpp.gcov.html#218">_ZN11opentracing2v215unexpected_typeISt10error_codeE5valueEv</a></td>
              <td class="coverFnLo">0</td>
            </tr>
    <tr>
              <td class="coverFn"><a href="expected.hpp.gcov.html#202">_ZN11opentracing2v215unexpected_typeISt10error_codeEC1ILb1ELi0EEERKS2_</a></td>
              <td class="coverFnLo">0</td>
            </tr>
    <tr>
              <td class="coverFn"><a href="expected.hpp.gcov.html#1190">_ZN11opentracing2v224make_expected_from_errorIvSt10error_codeEENS0_8expectedIT_NSt5decayIT0_E4typeEEES6_</a></td>
              <td class="coverFnLo">0</td>
            </tr>
    <tr>
              <td class="coverFn"><a href="expected.hpp.gcov.html#513">_ZN11opentracing2v28expectedINS0_11string_viewESt10error_codeEC1ILb1ELi0EEEONS0_15unexpected_typeIS3_EE</a></td>
              <td class="coverFnLo">0</td>
            </tr>
    <tr>
              <td class="coverFn"><a href="expected.hpp.gcov.html#838">_ZN11opentracing2v28expectedIvSt10error_codeEC1ENS0_10in_place_tE</a></td>
              <td class="coverFnLo">0</td>
            </tr>
    <tr>
              <td class="coverFn"><a href="expected.hpp.gcov.html#847">_ZN11opentracing2v28expectedIvSt10error_codeEC1ERKNS0_15unexpected_typeIS2_EE</a></td>
              <td class="coverFnLo">0</td>
            </tr>
    <tr>
              <td class="coverFn"><a href="expected.hpp.gcov.html#173">_ZNK11opentracing2v215expected_detail9storage_tIvSt10error_codeE5errorEv</a></td>
              <td class="coverFnLo">0</td>
            </tr>
    <tr>
              <td class="coverFn"><a href="expected.hpp.gcov.html#213">_ZNK11opentracing2v215unexpected_typeISt10error_codeE5valueEv</a></td>
              <td class="coverFnLo">0</td>
            </tr>
    <tr>
              <td class="coverFn"><a href="expected.hpp.gcov.html#930">_ZNKR11opentracing2v28expectedIvSt10error_codeE5errorEv</a></td>
              <td class="coverFnLo">0</td>
            </tr>
    <tr>
              <td class="coverFn"><a href="expected.hpp.gcov.html#83">_ZN11opentracing2v215expected_detail9storage_tISt10unique_ptrINS0_11SpanContextESt14default_deleteIS4_EESt10error_codeE14destruct_valueEv</a></td>
              <td class="coverFnHi">218</td>
            </tr>
    <tr>
              <td class="coverFn"><a href="expected.hpp.gcov.html#123">_ZN11opentracing2v215expected_detail9storage_tISt10unique_ptrINS0_11SpanContextESt14default_deleteIS4_EESt10error_codeE9value_ptrEv</a></td>
              <td class="coverFnHi">218</td>
            </tr>
    <tr>
              <td class="coverFn"><a href="expected.hpp.gcov.html#71">_ZN11opentracing2v215expected_detail9storage_tISt10unique_ptrINS0_11SpanContextESt14default_deleteIS4_EESt10error_codeED2Ev</a></td>
              <td class="coverFnHi">218</td>
            </tr>
    <tr>
              <td class="coverFn"><a href="expected.hpp.gcov.html#539">_ZN11opentracing2v28expectedISt10unique_ptrINS0_11SpanContextESt14default_deleteIS3_EESt10error_codeED2Ev</a></td>
              <td class="coverFnHi">218</td>
            </tr>
    <tr>
              <td class="coverFn"><a href="expected.hpp.gcov.html#651">_ZN11opentracing2v28expectedISt10unique_ptrINS0_11SpanContextESt14default_deleteIS3_EESt10error_codeEptEv</a></td>
              <td class="coverFnHi">218</td>
            </tr>
    <tr>
              <td class="coverFn"><a href="expected.hpp.gcov.html#826">_ZN11opentracing2v28expectedIvSt10error_codeEC1ILb1ELi0EEEOS3_</a></td>
              <td class="coverFnHi">218</td>
            </tr>
    <tr>
              <td class="coverFn"><a href="expected.hpp.gcov.html#917">_ZNK11opentracing2v28expectedIvSt10error_codeEcvbEv</a></td>
              <td class="coverFnHi">218</td>
            </tr>
    <tr>
              <td class="coverFn"><a href="expected.hpp.gcov.html#809">_ZN11opentracing2v28expectedIvSt10error_codeEC1Ev</a></td>
              <td class="coverFnHi">436</td>
            </tr>
    <tr>
              <td class="coverFn"><a href="expected.hpp.gcov.html#682">_ZNK11opentracing2v28expectedISt10unique_ptrINS0_11SpanContextESt14default_deleteIS3_EESt10error_codeE9has_valueEv</a></td>
              <td class="coverFnHi">436</td>
            </tr>
    <tr>
              <td class="coverFn"><a href="expected.hpp.gcov.html#155">_ZN11opentracing2v215expected_detail9storage_tIvSt10error_codeEC2Ev</a></td>
              <td class="coverFnHi">654</td>
            </tr>
    <tr>
              <td class="coverFn"><a href="expected.hpp.gcov.html#156">_ZN11opentracing2v215expected_detail9storage_tIvSt10error_codeED2Ev</a></td>
              <td class="coverFnHi">872</td>
            </tr>
    <tr>
              <td class="coverFn"><a href="expected.hpp.gcov.html#864">_ZN11opentracing2v28expectedIvSt10error_codeED2Ev</a></td>
              <td class="coverFnHi">872</td>
            </tr>
    <tr>
              <td class="coverFn"><a href="expected.hpp.gcov.html#922">_ZNK11opentracing2v28expectedIvSt10error_codeE9has_valueEv</a></td>
              <td class="coverFnHi">1308</td>
            </tr>
  </table>
  <br>
  </center>
  <table width="100%" border=0 cellspacing=0 cellpadding=0>
    <tr><td class="ruler"><img src="../../../../../glass.png" width=3 height=3 alt=""></td></tr>
    <tr><td class="versionInfo">Generated by: <a href="http://ltp.sourceforge.net/coverage/lcov.php" target="_parent">LCOV version 1.12</a></td></tr>
  </table>
  <br>

</body>
</html>
